~/workspace$ rm -f ssh-key-formatted.txt fix-ssh-key.md
~/workspace$ git add -A
~/workspace$ git commit -m "Remove SSH key files - sensitive data cleanup"
On branch main
Your branch is ahead of 'origin/main' by 4 commits.
  (use "git push" to publish your local commits)

nothing to commit, working tree clean
~/workspace$ git push origin main
Enumerating objects: 22, done.
Counting objects: 100% (22/22), done.
Delta compression using up to 8 threads
Compressing objects: 100% (14/14), done.
Writing objects: 100% (16/16), 4.80 KiB | 4.80 MiB/s, done.
Total 16 (delta 9), reused 0 (delta 0), pack-reused 0 (from 0)
remote: Resolving deltas: 100% (9/9), completed with 3 local objects.
remote: error: GH013: Repository rule violations found for refs/heads/main.
remote: 
remote: - GITHUB PUSH PROTECTION
remote:   —————————————————————————————————————————
remote:     Resolve the following violations before pushing again
remote: 
remote:     - Push cannot contain secrets
remote: 
remote:     
remote:      (?) Learn how to resolve a blocked push
remote:      https://docs.github.com/code-security/secret-scanning/working-with-secret-scanning-and-push-protection/working-with-push-protection-from-the-command-line#resolving-a-blocked-push
remote:     
remote:     
remote:       —— GitHub SSH Private Key ————————————————————————————
remote:        locations:
remote:          - commit: 9dba84434013abdaf4520f93afeeb57d0e9c8db8
remote:            path: ssh-key-formatted.txt:1
remote:     
remote:        (?) To push, remove secret from commit(s) or follow this URL to allow the secret.
remote:        https://github.com/MohammedAmayri/simple-nodejs-container-app/security/secret-scanning/unblock-secret/30jrgfoQiy8fYjOGZ7fAxJao4GG
remote:     
remote: 
remote: 
To https://github.com/MohammedAmayri/simple-nodejs-container-app.git
 ! [remote rejected] main -> main (push declined due to repository rule violations)
error: failed to push some refs to 'https://github.com/MohammedAmayri/simple-nodejs-container-app.git'